MO seq_alu NULL seq_alu.v vlg42/seq__alu.bin 1580106340
MO seq_rf NULL seq_rf.v vlg78/seq__rf.bin 1580106340
MO seq NULL seq.v vlg25/seq.bin 1580106340
MO uart_top NULL uart_top.v vlg1A/uart__top.bin 1580106340
MO seq_mult NULL seq_mult.v vlg4E/seq__mult.bin 1580106340
MO uart_fifo NULL uart_fifo.v vlg53/uart__fifo.bin 1580106340
MO seq_add NULL seq_add.v vlg09/seq__add.bin 1580106340
MO nexys3 NULL nexys3.v vlg36/nexys3.bin 1580106340
MO uart NULL uart.v vlg48/uart.bin 1580106340
