Release 14.7 - xst P.20131013 (lin64)
Copyright (c) 1995-2013 Xilinx, Inc.  All rights reserved.
--> 
Parameter TMPDIR set to xst/projnav.tmp


Total REAL time to Xst completion: 0.00 secs
Total CPU time to Xst completion: 0.03 secs
 
--> 
Parameter xsthdpdir set to xst


Total REAL time to Xst completion: 0.00 secs
Total CPU time to Xst completion: 0.04 secs
 
--> 
Reading design: stopwatch.prj

TABLE OF CONTENTS
  1) Synthesis Options Summary
  2) HDL Parsing
  3) HDL Elaboration
  4) HDL Synthesis
       4.1) HDL Synthesis Report
  5) Advanced HDL Synthesis
       5.1) Advanced HDL Synthesis Report
  6) Low Level Synthesis
  7) Partition Report
  8) Design Summary
       8.1) Primitive and Black Box Usage
       8.2) Device utilization summary
       8.3) Partition Resource Summary
       8.4) Timing Report
            8.4.1) Clock Information
            8.4.2) Asynchronous Control Signals Information
            8.4.3) Timing Summary
            8.4.4) Timing Details
            8.4.5) Cross Clock Domains Report


=========================================================================
*                      Synthesis Options Summary                        *
=========================================================================
---- Source Parameters
Input File Name                    : "stopwatch.prj"
Ignore Synthesis Constraint File   : NO

---- Target Parameters
Output File Name                   : "stopwatch"
Output Format                      : NGC
Target Device                      : xc6slx16-3-csg324

---- Source Options
Top Module Name                    : stopwatch
Automatic FSM Extraction           : YES
FSM Encoding Algorithm             : Auto
Safe Implementation                : No
FSM Style                          : LUT
RAM Extraction                     : Yes
RAM Style                          : Auto
ROM Extraction                     : Yes
Shift Register Extraction          : YES
ROM Style                          : Auto
Resource Sharing                   : YES
Asynchronous To Synchronous        : NO
Shift Register Minimum Size        : 2
Use DSP Block                      : Auto
Automatic Register Balancing       : No

---- Target Options
LUT Combining                      : Auto
Reduce Control Sets                : Auto
Add IO Buffers                     : YES
Global Maximum Fanout              : 100000
Add Generic Clock Buffer(BUFG)     : 16
Register Duplication               : YES
Optimize Instantiated Primitives   : NO
Use Clock Enable                   : Auto
Use Synchronous Set                : Auto
Use Synchronous Reset              : Auto
Pack IO Registers into IOBs        : Auto
Equivalent register Removal        : YES

---- General Options
Optimization Goal                  : Speed
Optimization Effort                : 1
Power Reduction                    : NO
Keep Hierarchy                     : No
Netlist Hierarchy                  : As_Optimized
RTL Output                         : Yes
Global Optimization                : AllClockNets
Read Cores                         : YES
Write Timing Constraints           : NO
Cross Clock Analysis               : NO
Hierarchy Separator                : /
Bus Delimiter                      : <>
Case Specifier                     : Maintain
Slice Utilization Ratio            : 100
BRAM Utilization Ratio             : 100
DSP48 Utilization Ratio            : 100
Auto BRAM Packing                  : NO
Slice Utilization Ratio Delta      : 5

=========================================================================


=========================================================================
*                          HDL Parsing                                  *
=========================================================================
Analyzing Verilog file "/media/psf/iCloud/UCLA/Courses/csm152a/csm152a/lab_3/lab_3/decoder_7_seg.v" into library work
Parsing module <decoder_7_seg>.
Analyzing Verilog file "/media/psf/iCloud/UCLA/Courses/csm152a/csm152a/lab_3/lab_3/counter_6state.v" into library work
Parsing module <counter_6state>.
Analyzing Verilog file "/media/psf/iCloud/UCLA/Courses/csm152a/csm152a/lab_3/lab_3/counter_10state.v" into library work
Parsing module <counter_10state>.
Analyzing Verilog file "/media/psf/iCloud/UCLA/Courses/csm152a/csm152a/lab_3/lab_3/timer_seq.v" into library work
Parsing module <timer_seq>.
Analyzing Verilog file "/media/psf/iCloud/UCLA/Courses/csm152a/csm152a/lab_3/lab_3/display_7_seg.v" into library work
Parsing module <display_7_seg>.
Analyzing Verilog file "/media/psf/iCloud/UCLA/Courses/csm152a/csm152a/lab_3/lab_3/debouncer.v" into library work
Parsing module <debouncer>.
Analyzing Verilog file "/media/psf/iCloud/UCLA/Courses/csm152a/csm152a/lab_3/lab_3/stopwatch.v" into library work
Parsing module <stopwatch>.

=========================================================================
*                            HDL Elaboration                            *
=========================================================================
WARNING:HDLCompiler:1016 - "/media/psf/iCloud/UCLA/Courses/csm152a/csm152a/lab_3/lab_3/stopwatch.v" Line 34: Port clk is not connected to this instance
WARNING:HDLCompiler:1016 - "/media/psf/iCloud/UCLA/Courses/csm152a/csm152a/lab_3/lab_3/stopwatch.v" Line 35: Port clk is not connected to this instance
WARNING:HDLCompiler:1016 - "/media/psf/iCloud/UCLA/Courses/csm152a/csm152a/lab_3/lab_3/stopwatch.v" Line 36: Port clk is not connected to this instance
WARNING:HDLCompiler:1016 - "/media/psf/iCloud/UCLA/Courses/csm152a/csm152a/lab_3/lab_3/stopwatch.v" Line 37: Port clk is not connected to this instance

Elaborating module <stopwatch>.

Elaborating module <debouncer>.
WARNING:HDLCompiler:413 - "/media/psf/iCloud/UCLA/Courses/csm152a/csm152a/lab_3/lab_3/debouncer.v" Line 41: Result of 17-bit expression is truncated to fit in 16-bit target.

Elaborating module <display_7_seg>.

Elaborating module <decoder_7_seg>.
WARNING:HDLCompiler:1016 - "/media/psf/iCloud/UCLA/Courses/csm152a/csm152a/lab_3/lab_3/timer_seq.v" Line 44: Port i_clk is not connected to this instance
WARNING:HDLCompiler:1016 - "/media/psf/iCloud/UCLA/Courses/csm152a/csm152a/lab_3/lab_3/timer_seq.v" Line 45: Port i_clk is not connected to this instance
WARNING:HDLCompiler:1016 - "/media/psf/iCloud/UCLA/Courses/csm152a/csm152a/lab_3/lab_3/timer_seq.v" Line 47: Port i_clk is not connected to this instance
WARNING:HDLCompiler:1016 - "/media/psf/iCloud/UCLA/Courses/csm152a/csm152a/lab_3/lab_3/timer_seq.v" Line 49: Port i_clk is not connected to this instance

Elaborating module <timer_seq>.
WARNING:HDLCompiler:1127 - "/media/psf/iCloud/UCLA/Courses/csm152a/csm152a/lab_3/lab_3/timer_seq.v" Line 41: Assignment to sec_ones_en ignored, since the identifier is never used

Elaborating module <counter_6state>.
WARNING:HDLCompiler:413 - "/media/psf/iCloud/UCLA/Courses/csm152a/csm152a/lab_3/lab_3/counter_6state.v" Line 65: Result of 4-bit expression is truncated to fit in 3-bit target.
ERROR:HDLCompiler:1401 - "/media/psf/iCloud/UCLA/Courses/csm152a/csm152a/lab_3/lab_3/counter_6state.v" Line 44: Signal o_transition in unit counter_6state is connected to following multiple drivers:
Driver 0: output signal o_transition of instance Flip-Flop (o_transition).
Driver 1: output signal o_transition of instance Flip-Flop (_i000013).
Driver 0: output signal o_state[2] of instance Flip-flop (o_state).
Driver 1: output signal o_state[2] of instance Flip-flop (_i000012).
Driver 0: output signal o_state[1] of instance Flip-flop (o_state).
Driver 1: output signal o_state[1] of instance Flip-flop (_i000012).
Driver 0: output signal o_state[0] of instance Flip-flop (o_state).
Driver 1: output signal o_state[0] of instance Flip-flop (_i000012).
Module counter_6state remains a blackbox, due to errors in its contents
WARNING:HDLCompiler:1499 - "/media/psf/iCloud/UCLA/Courses/csm152a/csm152a/lab_3/lab_3/counter_6state.v" Line 21: Empty module <counter_6state> remains a black box.

Elaborating module <counter_10state>.
WARNING:HDLCompiler:413 - "/media/psf/iCloud/UCLA/Courses/csm152a/csm152a/lab_3/lab_3/counter_10state.v" Line 65: Result of 5-bit expression is truncated to fit in 4-bit target.
ERROR:HDLCompiler:1401 - "/media/psf/iCloud/UCLA/Courses/csm152a/csm152a/lab_3/lab_3/counter_10state.v" Line 44: Signal o_transition in unit counter_10state is connected to following multiple drivers:
Driver 0: output signal o_transition of instance Flip-Flop (o_transition).
Driver 1: output signal o_transition of instance Flip-Flop (_i000013).
Driver 0: output signal o_state[3] of instance Flip-flop (o_state).
Driver 1: output signal o_state[3] of instance Flip-flop (_i000012).
Driver 0: output signal o_state[2] of instance Flip-flop (o_state).
Driver 1: output signal o_state[2] of instance Flip-flop (_i000012).
Driver 0: output signal o_state[1] of instance Flip-flop (o_state).
Driver 1: output signal o_state[1] of instance Flip-flop (_i000012).
Driver 0: output signal o_state[0] of instance Flip-flop (o_state).
Driver 1: output signal o_state[0] of instance Flip-flop (_i000012).
Module counter_10state remains a blackbox, due to errors in its contents
WARNING:HDLCompiler:1499 - "/media/psf/iCloud/UCLA/Courses/csm152a/csm152a/lab_3/lab_3/counter_10state.v" Line 21: Empty module <counter_10state> remains a black box.
WARNING:HDLCompiler:552 - "/media/psf/iCloud/UCLA/Courses/csm152a/csm152a/lab_3/lab_3/stopwatch.v" Line 34: Input port clk is not connected on this instance
WARNING:HDLCompiler:552 - "/media/psf/iCloud/UCLA/Courses/csm152a/csm152a/lab_3/lab_3/stopwatch.v" Line 35: Input port clk is not connected on this instance
WARNING:HDLCompiler:552 - "/media/psf/iCloud/UCLA/Courses/csm152a/csm152a/lab_3/lab_3/stopwatch.v" Line 36: Input port clk is not connected on this instance
WARNING:HDLCompiler:552 - "/media/psf/iCloud/UCLA/Courses/csm152a/csm152a/lab_3/lab_3/stopwatch.v" Line 37: Input port clk is not connected on this instance
--> 


Total memory usage is 311136 kilobytes

Number of errors   :    2 (   0 filtered)
Number of warnings :   18 (   0 filtered)
Number of infos    :    0 (   0 filtered)

